Master:    k178
Nodes:     k178
Tasks:     2
CPUs/task: 16
[INFO] Using 2 GPUs
[INFO] base_channels: 32
[INFO] Effective batch size: 8
[INFO] Effective LR: 2.83e-04
[INFO] LR schedule: warmup 5 → plateau 45 → cosine 50  (total 100)
[INFO] Matched 3844 complete samples (0 skipped)
[INFO] Subsampled train set to 768 samples (25% of full train split)
[INFO] Train samples: 3075 | Val samples: 769
[INFO] Starting training from scratch

Epoch 1/100  (lr: 2.83e-05)
  Train Loss: 0.027053 | Val Loss (EMA): 0.205126 | Rel L2: 3.966663e+00 | data: 2.2155e-02 | cont: 7.9691e-04 | curl: 1.0388e-02 | Time: 153.79s
  Saved best EMA weights

Epoch 2/100  (lr: 7.92e-05)
  Train Loss: 0.008559 | Val Loss (EMA): 0.080398 | Rel L2: 2.387537e+00 | data: 6.3906e-03 | cont: 1.8156e-04 | curl: 4.2745e-03 | Time: 147.46s
  Saved best EMA weights

Epoch 3/100  (lr: 1.30e-04)
  Train Loss: 0.006843 | Val Loss (EMA): 0.043020 | Rel L2: 1.674703e+00 | data: 5.1859e-03 | cont: 1.5179e-04 | curl: 3.5656e-03 | Time: 148.36s
  Saved best EMA weights

Epoch 4/100  (lr: 1.81e-04)
  Train Loss: 0.005570 | Val Loss (EMA): 0.027123 | Rel L2: 1.300193e+00 | data: 4.1003e-03 | cont: 1.5380e-04 | curl: 3.2099e-03 | Time: 147.70s
  Saved best EMA weights

Epoch 5/100  (lr: 2.32e-04)
  Train Loss: 0.004560 | Val Loss (EMA): 0.018850 | Rel L2: 1.072250e+00 | data: 3.1614e-03 | cont: 1.6073e-04 | curl: 2.9804e-03 | Time: 146.73s
  Saved best EMA weights

Epoch 6/100  (lr: 2.83e-04)
  Train Loss: 0.003804 | Val Loss (EMA): 0.013897 | Rel L2: 9.167025e-01 | data: 2.5366e-03 | cont: 1.6835e-04 | curl: 2.8193e-03 | Time: 146.95s
  Saved best EMA weights

Epoch 7/100  (lr: 2.83e-04)
  Train Loss: 0.003076 | Val Loss (EMA): 0.010738 | Rel L2: 7.988701e-01 | data: 1.9207e-03 | cont: 1.7533e-04 | curl: 2.6965e-03 | Time: 149.29s
  Saved best EMA weights

Epoch 8/100  (lr: 2.83e-04)
  Train Loss: 0.002535 | Val Loss (EMA): 0.008658 | Rel L2: 7.053616e-01 | data: 1.5058e-03 | cont: 1.7991e-04 | curl: 2.6031e-03 | Time: 149.98s
  Saved best EMA weights

Epoch 9/100  (lr: 2.83e-04)
  Train Loss: 0.002411 | Val Loss (EMA): 0.007241 | Rel L2: 6.270342e-01 | data: 1.3909e-03 | cont: 1.8126e-04 | curl: 2.5227e-03 | Time: 147.61s
  Saved best EMA weights

Epoch 10/100  (lr: 2.83e-04)
  Train Loss: 0.002189 | Val Loss (EMA): 0.006217 | Rel L2: 5.634237e-01 | data: 1.2390e-03 | cont: 1.8290e-04 | curl: 2.4693e-03 | Time: 147.84s
  Saved best EMA weights

Epoch 11/100  (lr: 2.83e-04)
  Train Loss: 0.001937 | Val Loss (EMA): 0.005388 | Rel L2: 5.067345e-01 | data: 1.0788e-03 | cont: 1.8532e-04 | curl: 2.4203e-03 | Time: 146.82s
  Saved best EMA weights

Epoch 12/100  (lr: 2.83e-04)
  Train Loss: 0.001811 | Val Loss (EMA): 0.004730 | Rel L2: 4.610498e-01 | data: 1.0020e-03 | cont: 1.8616e-04 | curl: 2.3825e-03 | Time: 147.46s
  Saved best EMA weights

Epoch 13/100  (lr: 2.83e-04)
  Train Loss: 0.001676 | Val Loss (EMA): 0.004190 | Rel L2: 4.250091e-01 | data: 9.0219e-04 | cont: 1.8733e-04 | curl: 2.3605e-03 | Time: 148.59s
  Saved best EMA weights

Epoch 14/100  (lr: 2.83e-04)
  Train Loss: 0.001601 | Val Loss (EMA): 0.003745 | Rel L2: 3.928677e-01 | data: 8.5743e-04 | cont: 1.8831e-04 | curl: 2.3443e-03 | Time: 147.70s
  Saved best EMA weights

Epoch 15/100  (lr: 2.83e-04)
  Train Loss: 0.001570 | Val Loss (EMA): 0.003396 | Rel L2: 3.634686e-01 | data: 8.2795e-04 | cont: 1.8804e-04 | curl: 2.3200e-03 | Time: 148.25s
  Saved best EMA weights

Epoch 16/100  (lr: 2.83e-04)
  Train Loss: 0.001454 | Val Loss (EMA): 0.003020 | Rel L2: 3.396153e-01 | data: 7.5867e-04 | cont: 1.8917e-04 | curl: 2.3114e-03 | Time: 145.96s
  Saved best EMA weights

Epoch 17/100  (lr: 2.83e-04)
  Train Loss: 0.001479 | Val Loss (EMA): 0.002751 | Rel L2: 3.196071e-01 | data: 7.9461e-04 | cont: 1.8884e-04 | curl: 2.3063e-03 | Time: 148.90s
  Saved best EMA weights

Epoch 18/100  (lr: 2.83e-04)
  Train Loss: 0.001272 | Val Loss (EMA): 0.002529 | Rel L2: 2.996021e-01 | data: 6.3096e-04 | cont: 1.9138e-04 | curl: 2.3114e-03 | Time: 147.58s
  Saved best EMA weights

Epoch 19/100  (lr: 2.83e-04)
  Train Loss: 0.001234 | Val Loss (EMA): 0.002320 | Rel L2: 2.849369e-01 | data: 6.1527e-04 | cont: 1.9193e-04 | curl: 2.3076e-03 | Time: 146.56s
  Saved best EMA weights

Epoch 20/100  (lr: 2.83e-04)
  Train Loss: 0.001269 | Val Loss (EMA): 0.002137 | Rel L2: 2.707063e-01 | data: 6.3955e-04 | cont: 1.9101e-04 | curl: 2.3010e-03 | Time: 147.98s
  Saved best EMA weights

Epoch 21/100  (lr: 2.83e-04)
  Train Loss: 0.001318 | Val Loss (EMA): 0.001991 | Rel L2: 2.580179e-01 | data: 6.5929e-04 | cont: 1.9076e-04 | curl: 2.3018e-03 | Time: 147.69s
  Saved best EMA weights

Epoch 22/100  (lr: 2.83e-04)
  Train Loss: 0.001199 | Val Loss (EMA): 0.001801 | Rel L2: 2.466746e-01 | data: 5.7096e-04 | cont: 1.9164e-04 | curl: 2.3051e-03 | Time: 148.59s
  Saved best EMA weights

Epoch 23/100  (lr: 2.83e-04)
  Train Loss: 0.001140 | Val Loss (EMA): 0.001721 | Rel L2: 2.385556e-01 | data: 5.5554e-04 | cont: 1.9150e-04 | curl: 2.3077e-03 | Time: 147.93s
  Saved best EMA weights

Epoch 24/100  (lr: 2.83e-04)
  Train Loss: 0.001221 | Val Loss (EMA): 0.001631 | Rel L2: 2.301327e-01 | data: 6.0720e-04 | cont: 1.9085e-04 | curl: 2.3038e-03 | Time: 147.17s
  Saved best EMA weights

Epoch 25/100  (lr: 2.83e-04)
  Train Loss: 0.001171 | Val Loss (EMA): 0.001538 | Rel L2: 2.219509e-01 | data: 5.8053e-04 | cont: 1.9137e-04 | curl: 2.3099e-03 | Time: 149.26s
  Saved best EMA weights

Epoch 26/100  (lr: 2.83e-04)
  Train Loss: 0.001068 | Val Loss (EMA): 0.001434 | Rel L2: 2.152929e-01 | data: 4.7671e-04 | cont: 1.9269e-04 | curl: 2.3078e-03 | Time: 147.30s
  Saved best EMA weights

Epoch 27/100  (lr: 2.83e-04)
  Train Loss: 0.001019 | Val Loss (EMA): 0.001399 | Rel L2: 2.093415e-01 | data: 4.3950e-04 | cont: 1.9328e-04 | curl: 2.3135e-03 | Time: 148.44s
  Saved best EMA weights

Epoch 28/100  (lr: 2.83e-04)
  Train Loss: 0.001052 | Val Loss (EMA): 0.001339 | Rel L2: 2.040180e-01 | data: 4.6476e-04 | cont: 1.9267e-04 | curl: 2.3133e-03 | Time: 148.18s
  Saved best EMA weights

Epoch 29/100  (lr: 2.83e-04)
  Train Loss: 0.000994 | Val Loss (EMA): 0.001250 | Rel L2: 1.987310e-01 | data: 4.4419e-04 | cont: 1.9330e-04 | curl: 2.3115e-03 | Time: 149.46s
  Saved best EMA weights

Epoch 30/100  (lr: 2.83e-04)
  Train Loss: 0.001021 | Val Loss (EMA): 0.001202 | Rel L2: 1.929798e-01 | data: 4.6410e-04 | cont: 1.9233e-04 | curl: 2.3143e-03 | Time: 147.50s
  Saved best EMA weights

Epoch 31/100  (lr: 2.83e-04)
  Train Loss: 0.001032 | Val Loss (EMA): 0.001163 | Rel L2: 1.890843e-01 | data: 4.7175e-04 | cont: 1.9302e-04 | curl: 2.3103e-03 | Time: 148.28s
  Saved best EMA weights

Epoch 32/100  (lr: 2.83e-04)
  Train Loss: 0.001034 | Val Loss (EMA): 0.001148 | Rel L2: 1.852367e-01 | data: 4.9076e-04 | cont: 1.9211e-04 | curl: 2.3104e-03 | Time: 145.63s
  Saved best EMA weights

Epoch 33/100  (lr: 2.83e-04)
  Train Loss: 0.000980 | Val Loss (EMA): 0.001057 | Rel L2: 1.810068e-01 | data: 4.2273e-04 | cont: 1.9322e-04 | curl: 2.3162e-03 | Time: 147.79s
  Saved best EMA weights

Epoch 34/100  (lr: 2.83e-04)
  Train Loss: 0.001056 | Val Loss (EMA): 0.001030 | Rel L2: 1.788013e-01 | data: 5.2285e-04 | cont: 1.9135e-04 | curl: 2.3104e-03 | Time: 147.15s
  Saved best EMA weights

Epoch 35/100  (lr: 2.83e-04)
  Train Loss: 0.000920 | Val Loss (EMA): 0.000997 | Rel L2: 1.760719e-01 | data: 3.9042e-04 | cont: 1.9335e-04 | curl: 2.3097e-03 | Time: 147.55s
  Saved best EMA weights

Epoch 36/100  (lr: 2.83e-04)
  Train Loss: 0.000864 | Val Loss (EMA): 0.000987 | Rel L2: 1.719265e-01 | data: 3.3803e-04 | cont: 1.9453e-04 | curl: 2.3194e-03 | Time: 150.07s
  Saved best EMA weights

Epoch 37/100  (lr: 2.83e-04)
  Train Loss: 0.000902 | Val Loss (EMA): 0.000954 | Rel L2: 1.684355e-01 | data: 3.9764e-04 | cont: 1.9335e-04 | curl: 2.3118e-03 | Time: 147.55s
  Saved best EMA weights

Epoch 38/100  (lr: 2.83e-04)
  Train Loss: 0.000957 | Val Loss (EMA): 0.000895 | Rel L2: 1.657881e-01 | data: 4.3272e-04 | cont: 1.9305e-04 | curl: 2.3154e-03 | Time: 148.00s
  Saved best EMA weights

Epoch 39/100  (lr: 2.83e-04)
  Train Loss: 0.000920 | Val Loss (EMA): 0.000882 | Rel L2: 1.631079e-01 | data: 4.1016e-04 | cont: 1.9306e-04 | curl: 2.3165e-03 | Time: 147.70s
  Saved best EMA weights

Epoch 40/100  (lr: 2.83e-04)
  Train Loss: 0.001012 | Val Loss (EMA): 0.000856 | Rel L2: 1.620594e-01 | data: 4.7873e-04 | cont: 1.9207e-04 | curl: 2.3100e-03 | Time: 149.88s
  Saved best EMA weights

Epoch 41/100  (lr: 2.83e-04)
  Train Loss: 0.000837 | Val Loss (EMA): 0.000845 | Rel L2: 1.604471e-01 | data: 3.2710e-04 | cont: 1.9435e-04 | curl: 2.3202e-03 | Time: 148.85s
  Saved best EMA weights

Epoch 42/100  (lr: 2.83e-04)
  Train Loss: 0.000878 | Val Loss (EMA): 0.000794 | Rel L2: 1.572053e-01 | data: 3.5178e-04 | cont: 1.9410e-04 | curl: 2.3154e-03 | Time: 148.04s
  Saved best EMA weights

Epoch 43/100  (lr: 2.83e-04)
  Train Loss: 0.000831 | Val Loss (EMA): 0.000806 | Rel L2: 1.557432e-01 | data: 3.4240e-04 | cont: 1.9380e-04 | curl: 2.3208e-03 | Time: 147.29s

Epoch 44/100  (lr: 2.83e-04)
  Train Loss: 0.000820 | Val Loss (EMA): 0.000778 | Rel L2: 1.539910e-01 | data: 3.2753e-04 | cont: 1.9447e-04 | curl: 2.3173e-03 | Time: 147.21s
  Saved best EMA weights

Epoch 45/100  (lr: 2.83e-04)
  Train Loss: 0.000918 | Val Loss (EMA): 0.000783 | Rel L2: 1.527577e-01 | data: 4.0691e-04 | cont: 1.9333e-04 | curl: 2.3172e-03 | Time: 147.19s

Epoch 46/100  (lr: 2.83e-04)
  Train Loss: 0.000856 | Val Loss (EMA): 0.000785 | Rel L2: 1.503395e-01 | data: 3.5112e-04 | cont: 1.9344e-04 | curl: 2.3182e-03 | Time: 147.58s

Epoch 47/100  (lr: 2.83e-04)
  Train Loss: 0.000856 | Val Loss (EMA): 0.000765 | Rel L2: 1.485588e-01 | data: 3.6717e-04 | cont: 1.9360e-04 | curl: 2.3153e-03 | Time: 148.57s
  Saved best EMA weights

Epoch 48/100  (lr: 2.83e-04)
  Train Loss: 0.000862 | Val Loss (EMA): 0.000710 | Rel L2: 1.471618e-01 | data: 3.6362e-04 | cont: 1.9354e-04 | curl: 2.3182e-03 | Time: 148.80s
  Saved best EMA weights

Epoch 49/100  (lr: 2.83e-04)
  Train Loss: 0.000785 | Val Loss (EMA): 0.000702 | Rel L2: 1.454765e-01 | data: 3.0185e-04 | cont: 1.9478e-04 | curl: 2.3247e-03 | Time: 147.64s
  Saved best EMA weights

Epoch 50/100  (lr: 2.83e-04)
  Train Loss: 0.000809 | Val Loss (EMA): 0.000694 | Rel L2: 1.448876e-01 | data: 3.3348e-04 | cont: 1.9410e-04 | curl: 2.3225e-03 | Time: 148.52s
  Saved best EMA weights

Epoch 51/100  (lr: 2.83e-04)
  Train Loss: 0.000778 | Val Loss (EMA): 0.000685 | Rel L2: 1.434514e-01 | data: 3.2501e-04 | cont: 1.9423e-04 | curl: 2.3162e-03 | Time: 147.46s
  Saved best EMA weights

Epoch 52/100  (lr: 2.83e-04)
  Train Loss: 0.000761 | Val Loss (EMA): 0.000686 | Rel L2: 1.422337e-01 | data: 2.9420e-04 | cont: 1.9539e-04 | curl: 2.3212e-03 | Time: 149.46s

Epoch 53/100  (lr: 2.82e-04)
  Train Loss: 0.000774 | Val Loss (EMA): 0.000656 | Rel L2: 1.398405e-01 | data: 3.0994e-04 | cont: 1.9420e-04 | curl: 2.3220e-03 | Time: 147.14s
  Saved best EMA weights

Epoch 54/100  (lr: 2.80e-04)
  Train Loss: 0.000755 | Val Loss (EMA): 0.000650 | Rel L2: 1.388349e-01 | data: 2.8379e-04 | cont: 1.9499e-04 | curl: 2.3212e-03 | Time: 148.12s
  Saved best EMA weights

Epoch 55/100  (lr: 2.78e-04)
  Train Loss: 0.000716 | Val Loss (EMA): 0.000647 | Rel L2: 1.380209e-01 | data: 2.6792e-04 | cont: 1.9512e-04 | curl: 2.3287e-03 | Time: 148.16s
  Saved best EMA weights

Epoch 56/100  (lr: 2.76e-04)
  Train Loss: 0.000699 | Val Loss (EMA): 0.000652 | Rel L2: 1.366592e-01 | data: 2.5056e-04 | cont: 1.9553e-04 | curl: 2.3258e-03 | Time: 147.49s

Epoch 57/100  (lr: 2.73e-04)
  Train Loss: 0.000763 | Val Loss (EMA): 0.000647 | Rel L2: 1.356470e-01 | data: 3.1100e-04 | cont: 1.9459e-04 | curl: 2.3278e-03 | Time: 147.18s
  Saved best EMA weights

Epoch 58/100  (lr: 2.69e-04)
  Train Loss: 0.000739 | Val Loss (EMA): 0.000672 | Rel L2: 1.344721e-01 | data: 2.8142e-04 | cont: 1.9463e-04 | curl: 2.3243e-03 | Time: 147.39s

Epoch 59/100  (lr: 2.65e-04)
  Train Loss: 0.000714 | Val Loss (EMA): 0.000619 | Rel L2: 1.331051e-01 | data: 2.8057e-04 | cont: 1.9484e-04 | curl: 2.3278e-03 | Time: 148.35s
  Saved best EMA weights

Epoch 60/100  (lr: 2.61e-04)
  Train Loss: 0.000667 | Val Loss (EMA): 0.000617 | Rel L2: 1.322178e-01 | data: 2.4567e-04 | cont: 1.9555e-04 | curl: 2.3295e-03 | Time: 146.99s
  Saved best EMA weights

Epoch 61/100  (lr: 2.56e-04)
  Train Loss: 0.000682 | Val Loss (EMA): 0.000599 | Rel L2: 1.309829e-01 | data: 2.4428e-04 | cont: 1.9557e-04 | curl: 2.3294e-03 | Time: 147.14s
  Saved best EMA weights

Epoch 62/100  (lr: 2.51e-04)
  Train Loss: 0.000719 | Val Loss (EMA): 0.000598 | Rel L2: 1.300363e-01 | data: 2.6701e-04 | cont: 1.9500e-04 | curl: 2.3291e-03 | Time: 148.59s
  Saved best EMA weights

Epoch 63/100  (lr: 2.45e-04)
  Train Loss: 0.000705 | Val Loss (EMA): 0.000602 | Rel L2: 1.290890e-01 | data: 2.6821e-04 | cont: 1.9499e-04 | curl: 2.3280e-03 | Time: 148.88s

Epoch 64/100  (lr: 2.38e-04)
  Train Loss: 0.000706 | Val Loss (EMA): 0.000598 | Rel L2: 1.278981e-01 | data: 2.5973e-04 | cont: 1.9505e-04 | curl: 2.3266e-03 | Time: 147.69s
  Saved best EMA weights

Epoch 65/100  (lr: 2.32e-04)
  Train Loss: 0.000611 | Val Loss (EMA): 0.000593 | Rel L2: 1.271231e-01 | data: 1.9925e-04 | cont: 1.9618e-04 | curl: 2.3345e-03 | Time: 148.21s
  Saved best EMA weights

Epoch 66/100  (lr: 2.25e-04)
  Train Loss: 0.000617 | Val Loss (EMA): 0.000594 | Rel L2: 1.261065e-01 | data: 1.9292e-04 | cont: 1.9650e-04 | curl: 2.3362e-03 | Time: 146.19s

Epoch 67/100  (lr: 2.17e-04)
  Train Loss: 0.000688 | Val Loss (EMA): 0.000562 | Rel L2: 1.251831e-01 | data: 2.3717e-04 | cont: 1.9556e-04 | curl: 2.3307e-03 | Time: 148.65s
  Saved best EMA weights

Epoch 68/100  (lr: 2.10e-04)
  Train Loss: 0.000609 | Val Loss (EMA): 0.000581 | Rel L2: 1.244298e-01 | data: 2.0301e-04 | cont: 1.9619e-04 | curl: 2.3390e-03 | Time: 146.82s

Epoch 69/100  (lr: 2.02e-04)
  Train Loss: 0.000633 | Val Loss (EMA): 0.000571 | Rel L2: 1.237078e-01 | data: 2.1766e-04 | cont: 1.9587e-04 | curl: 2.3328e-03 | Time: 148.22s

Epoch 70/100  (lr: 1.94e-04)
  Train Loss: 0.000581 | Val Loss (EMA): 0.000576 | Rel L2: 1.228587e-01 | data: 1.8548e-04 | cont: 1.9658e-04 | curl: 2.3392e-03 | Time: 148.17s

Epoch 71/100  (lr: 1.85e-04)
  Train Loss: 0.000608 | Val Loss (EMA): 0.000569 | Rel L2: 1.213875e-01 | data: 1.9813e-04 | cont: 1.9626e-04 | curl: 2.3391e-03 | Time: 148.44s

Epoch 72/100  (lr: 1.77e-04)
  Train Loss: 0.000574 | Val Loss (EMA): 0.000571 | Rel L2: 1.208992e-01 | data: 1.7106e-04 | cont: 1.9679e-04 | curl: 2.3402e-03 | Time: 147.62s

Epoch 73/100  (lr: 1.68e-04)
  Train Loss: 0.000560 | Val Loss (EMA): 0.000566 | Rel L2: 1.194861e-01 | data: 1.6515e-04 | cont: 1.9686e-04 | curl: 2.3419e-03 | Time: 148.19s

Epoch 74/100  (lr: 1.60e-04)
  Train Loss: 0.000565 | Val Loss (EMA): 0.000558 | Rel L2: 1.185740e-01 | data: 1.6686e-04 | cont: 1.9701e-04 | curl: 2.3424e-03 | Time: 146.85s
  Saved best EMA weights

Epoch 75/100  (lr: 1.51e-04)
  Train Loss: 0.000546 | Val Loss (EMA): 0.000549 | Rel L2: 1.178308e-01 | data: 1.5413e-04 | cont: 1.9701e-04 | curl: 2.3432e-03 | Time: 147.97s
  Saved best EMA weights

Epoch 76/100  (lr: 1.42e-04)
  Train Loss: 0.000527 | Val Loss (EMA): 0.000521 | Rel L2: 1.168056e-01 | data: 1.4644e-04 | cont: 1.9715e-04 | curl: 2.3468e-03 | Time: 149.52s
  Saved best EMA weights

Epoch 77/100  (lr: 1.33e-04)
  Train Loss: 0.000513 | Val Loss (EMA): 0.000512 | Rel L2: 1.159768e-01 | data: 1.4074e-04 | cont: 1.9748e-04 | curl: 2.3459e-03 | Time: 146.17s
  Saved best EMA weights

Epoch 78/100  (lr: 1.24e-04)
  Train Loss: 0.000523 | Val Loss (EMA): 0.000514 | Rel L2: 1.152792e-01 | data: 1.4252e-04 | cont: 1.9744e-04 | curl: 2.3487e-03 | Time: 148.26s

Epoch 79/100  (lr: 1.16e-04)
  Train Loss: 0.000551 | Val Loss (EMA): 0.000508 | Rel L2: 1.145482e-01 | data: 1.4428e-04 | cont: 1.9720e-04 | curl: 2.3471e-03 | Time: 148.34s
  Saved best EMA weights

Epoch 80/100  (lr: 1.07e-04)
  Train Loss: 0.000493 | Val Loss (EMA): 0.000506 | Rel L2: 1.132216e-01 | data: 1.3230e-04 | cont: 1.9764e-04 | curl: 2.3501e-03 | Time: 148.09s
  Saved best EMA weights

Epoch 81/100  (lr: 9.84e-05)
  Train Loss: 0.000488 | Val Loss (EMA): 0.000502 | Rel L2: 1.125017e-01 | data: 1.3080e-04 | cont: 1.9753e-04 | curl: 2.3510e-03 | Time: 148.83s
  Saved best EMA weights

Epoch 82/100  (lr: 9.00e-05)
  Train Loss: 0.000478 | Val Loss (EMA): 0.000505 | Rel L2: 1.120545e-01 | data: 1.2757e-04 | cont: 1.9774e-04 | curl: 2.3524e-03 | Time: 149.20s

Epoch 83/100  (lr: 8.19e-05)
  Train Loss: 0.000473 | Val Loss (EMA): 0.000500 | Rel L2: 1.111060e-01 | data: 1.2262e-04 | cont: 1.9774e-04 | curl: 2.3514e-03 | Time: 147.64s
  Saved best EMA weights

Epoch 84/100  (lr: 7.40e-05)
  Train Loss: 0.000475 | Val Loss (EMA): 0.000506 | Rel L2: 1.104584e-01 | data: 1.2307e-04 | cont: 1.9773e-04 | curl: 2.3527e-03 | Time: 149.40s

Epoch 85/100  (lr: 6.64e-05)
  Train Loss: 0.000471 | Val Loss (EMA): 0.000496 | Rel L2: 1.096337e-01 | data: 1.2027e-04 | cont: 1.9793e-04 | curl: 2.3535e-03 | Time: 147.73s
  Saved best EMA weights

Epoch 86/100  (lr: 5.91e-05)
  Train Loss: 0.000466 | Val Loss (EMA): 0.000495 | Rel L2: 1.089548e-01 | data: 1.1796e-04 | cont: 1.9788e-04 | curl: 2.3534e-03 | Time: 147.12s
  Saved best EMA weights

Epoch 87/100  (lr: 5.21e-05)
  Train Loss: 0.000462 | Val Loss (EMA): 0.000495 | Rel L2: 1.087766e-01 | data: 1.1641e-04 | cont: 1.9800e-04 | curl: 2.3552e-03 | Time: 146.15s
  Saved best EMA weights

Epoch 88/100  (lr: 4.55e-05)
  Train Loss: 0.000458 | Val Loss (EMA): 0.000495 | Rel L2: 1.082864e-01 | data: 1.1471e-04 | cont: 1.9796e-04 | curl: 2.3554e-03 | Time: 147.36s
  Saved best EMA weights

Epoch 89/100  (lr: 3.92e-05)
  Train Loss: 0.000457 | Val Loss (EMA): 0.000493 | Rel L2: 1.077404e-01 | data: 1.1361e-04 | cont: 1.9795e-04 | curl: 2.3556e-03 | Time: 148.05s
  Saved best EMA weights

Epoch 90/100  (lr: 3.33e-05)
  Train Loss: 0.000457 | Val Loss (EMA): 0.000485 | Rel L2: 1.072961e-01 | data: 1.1236e-04 | cont: 1.9805e-04 | curl: 2.3559e-03 | Time: 148.69s
  Saved best EMA weights

Epoch 91/100  (lr: 2.79e-05)
  Train Loss: 0.000457 | Val Loss (EMA): 0.000503 | Rel L2: 1.070046e-01 | data: 1.1139e-04 | cont: 1.9800e-04 | curl: 2.3562e-03 | Time: 147.77s

Epoch 92/100  (lr: 2.29e-05)
  Train Loss: 0.000452 | Val Loss (EMA): 0.000508 | Rel L2: 1.066375e-01 | data: 1.1042e-04 | cont: 1.9807e-04 | curl: 2.3570e-03 | Time: 147.20s

Epoch 93/100  (lr: 1.84e-05)
  Train Loss: 0.000451 | Val Loss (EMA): 0.000492 | Rel L2: 1.056590e-01 | data: 1.0987e-04 | cont: 1.9807e-04 | curl: 2.3570e-03 | Time: 147.12s

Epoch 94/100  (lr: 1.44e-05)
  Train Loss: 0.000449 | Val Loss (EMA): 0.000493 | Rel L2: 1.055063e-01 | data: 1.0912e-04 | cont: 1.9805e-04 | curl: 2.3570e-03 | Time: 147.90s

Epoch 95/100  (lr: 1.09e-05)
  Train Loss: 0.000449 | Val Loss (EMA): 0.000501 | Rel L2: 1.052552e-01 | data: 1.0865e-04 | cont: 1.9806e-04 | curl: 2.3570e-03 | Time: 147.93s

Epoch 96/100  (lr: 7.90e-06)
  Train Loss: 0.000450 | Val Loss (EMA): 0.000500 | Rel L2: 1.048323e-01 | data: 1.0826e-04 | cont: 1.9810e-04 | curl: 2.3574e-03 | Time: 146.83s

Epoch 97/100  (lr: 5.43e-06)
  Train Loss: 0.000450 | Val Loss (EMA): 0.000499 | Rel L2: 1.045447e-01 | data: 1.0798e-04 | cont: 1.9807e-04 | curl: 2.3583e-03 | Time: 147.41s

Epoch 98/100  (lr: 3.50e-06)
  Train Loss: 0.000449 | Val Loss (EMA): 0.000501 | Rel L2: 1.043949e-01 | data: 1.0777e-04 | cont: 1.9812e-04 | curl: 2.3577e-03 | Time: 148.30s

Epoch 99/100  (lr: 2.11e-06)
  Train Loss: 0.000448 | Val Loss (EMA): 0.000501 | Rel L2: 1.043436e-01 | data: 1.0758e-04 | cont: 1.9811e-04 | curl: 2.3576e-03 | Time: 146.22s

Epoch 100/100  (lr: 1.28e-06)
  Train Loss: 0.000446 | Val Loss (EMA): 0.000503 | Rel L2: 1.042535e-01 | data: 1.0743e-04 | cont: 1.9808e-04 | curl: 2.3578e-03 | Time: 147.67s

Done. Best Val (EMA): 0.000485
