/mmfs1/data/group/ems020/jchorlton/SlicerTMS-PINN-Model/Benchmark/runInference.py:21: FutureWarning: You are using `torch.load` with `weights_only=False` (the current default value), which uses the default pickle module implicitly. It is possible to construct malicious pickle data which will execute arbitrary code during unpickling (See https://github.com/pytorch/pytorch/blob/main/SECURITY.md#untrusted-models for more details). In a future release, the default value for `weights_only` will be flipped to `True`. This limits the functions that could be executed during unpickling. Arbitrary objects will no longer be allowed to be loaded via this mode unless they are explicitly allowlisted by the user via `torch.serialization.add_safe_globals`. We recommend you start setting `weights_only=True` for any use case where you don't have full control of the loaded file. Please open an issue on GitHub for any issues related to this experimental feature.
  state = torch.load(CKPT, map_location=device)
Traceback (most recent call last):
  File "/mmfs1/data/group/ems020/jchorlton/SlicerTMS-PINN-Model/Benchmark/runInference.py", line 23, in <module>
    model.load_state_dict(state, strict=True)
  File "/mmfs1/data/group/ems020/jchorlton/SlicerTMS-PINN-Model/.venv/lib/python3.11/site-packages/torch/nn/modules/module.py", line 2584, in load_state_dict
    raise RuntimeError(
RuntimeError: Error(s) in loading state_dict for DualBranchResNet3D:
	size mismatch for encoder_dadt.stem.0.weight: copying a param with shape torch.Size([32, 3, 3, 3, 3]) from checkpoint, the shape in current model is torch.Size([16, 3, 3, 3, 3]).
	size mismatch for encoder_dadt.stem.1.weight: copying a param with shape torch.Size([32]) from checkpoint, the shape in current model is torch.Size([16]).
	size mismatch for encoder_dadt.stem.1.bias: copying a param with shape torch.Size([32]) from checkpoint, the shape in current model is torch.Size([16]).
	size mismatch for encoder_dadt.layer1.conv1.weight: copying a param with shape torch.Size([64, 32, 3, 3, 3]) from checkpoint, the shape in current model is torch.Size([32, 16, 3, 3, 3]).
	size mismatch for encoder_dadt.layer1.gn1.weight: copying a param with shape torch.Size([64]) from checkpoint, the shape in current model is torch.Size([32]).
	size mismatch for encoder_dadt.layer1.gn1.bias: copying a param with shape torch.Size([64]) from checkpoint, the shape in current model is torch.Size([32]).
	size mismatch for encoder_dadt.layer1.conv2.weight: copying a param with shape torch.Size([64, 64, 3, 3, 3]) from checkpoint, the shape in current model is torch.Size([32, 32, 3, 3, 3]).
	size mismatch for encoder_dadt.layer1.gn2.weight: copying a param with shape torch.Size([64]) from checkpoint, the shape in current model is torch.Size([32]).
	size mismatch for encoder_dadt.layer1.gn2.bias: copying a param with shape torch.Size([64]) from checkpoint, the shape in current model is torch.Size([32]).
	size mismatch for encoder_dadt.layer1.downsample.0.weight: copying a param with shape torch.Size([64, 32, 1, 1, 1]) from checkpoint, the shape in current model is torch.Size([32, 16, 1, 1, 1]).
	size mismatch for encoder_dadt.layer1.downsample.1.weight: copying a param with shape torch.Size([64]) from checkpoint, the shape in current model is torch.Size([32]).
	size mismatch for encoder_dadt.layer1.downsample.1.bias: copying a param with shape torch.Size([64]) from checkpoint, the shape in current model is torch.Size([32]).
	size mismatch for encoder_dadt.layer2.conv1.weight: copying a param with shape torch.Size([128, 64, 3, 3, 3]) from checkpoint, the shape in current model is torch.Size([64, 32, 3, 3, 3]).
	size mismatch for encoder_dadt.layer2.gn1.weight: copying a param with shape torch.Size([128]) from checkpoint, the shape in current model is torch.Size([64]).
	size mismatch for encoder_dadt.layer2.gn1.bias: copying a param with shape torch.Size([128]) from checkpoint, the shape in current model is torch.Size([64]).
	size mismatch for encoder_dadt.layer2.conv2.weight: copying a param with shape torch.Size([128, 128, 3, 3, 3]) from checkpoint, the shape in current model is torch.Size([64, 64, 3, 3, 3]).
	size mismatch for encoder_dadt.layer2.gn2.weight: copying a param with shape torch.Size([128]) from checkpoint, the shape in current model is torch.Size([64]).
	size mismatch for encoder_dadt.layer2.gn2.bias: copying a param with shape torch.Size([128]) from checkpoint, the shape in current model is torch.Size([64]).
	size mismatch for encoder_dadt.layer2.downsample.0.weight: copying a param with shape torch.Size([128, 64, 1, 1, 1]) from checkpoint, the shape in current model is torch.Size([64, 32, 1, 1, 1]).
	size mismatch for encoder_dadt.layer2.downsample.1.weight: copying a param with shape torch.Size([128]) from checkpoint, the shape in current model is torch.Size([64]).
	size mismatch for encoder_dadt.layer2.downsample.1.bias: copying a param with shape torch.Size([128]) from checkpoint, the shape in current model is torch.Size([64]).
	size mismatch for encoder_dadt.layer3.conv1.weight: copying a param with shape torch.Size([256, 128, 3, 3, 3]) from checkpoint, the shape in current model is torch.Size([128, 64, 3, 3, 3]).
	size mismatch for encoder_dadt.layer3.gn1.weight: copying a param with shape torch.Size([256]) from checkpoint, the shape in current model is torch.Size([128]).
	size mismatch for encoder_dadt.layer3.gn1.bias: copying a param with shape torch.Size([256]) from checkpoint, the shape in current model is torch.Size([128]).
	size mismatch for encoder_dadt.layer3.conv2.weight: copying a param with shape torch.Size([256, 256, 3, 3, 3]) from checkpoint, the shape in current model is torch.Size([128, 128, 3, 3, 3]).
	size mismatch for encoder_dadt.layer3.gn2.weight: copying a param with shape torch.Size([256]) from checkpoint, the shape in current model is torch.Size([128]).
	size mismatch for encoder_dadt.layer3.gn2.bias: copying a param with shape torch.Size([256]) from checkpoint, the shape in current model is torch.Size([128]).
	size mismatch for encoder_dadt.layer3.downsample.0.weight: copying a param with shape torch.Size([256, 128, 1, 1, 1]) from checkpoint, the shape in current model is torch.Size([128, 64, 1, 1, 1]).
	size mismatch for encoder_dadt.layer3.downsample.1.weight: copying a param with shape torch.Size([256]) from checkpoint, the shape in current model is torch.Size([128]).
	size mismatch for encoder_dadt.layer3.downsample.1.bias: copying a param with shape torch.Size([256]) from checkpoint, the shape in current model is torch.Size([128]).
	size mismatch for encoder_cond.stem.0.weight: copying a param with shape torch.Size([32, 1, 3, 3, 3]) from checkpoint, the shape in current model is torch.Size([16, 1, 3, 3, 3]).
	size mismatch for encoder_cond.stem.1.weight: copying a param with shape torch.Size([32]) from checkpoint, the shape in current model is torch.Size([16]).
	size mismatch for encoder_cond.stem.1.bias: copying a param with shape torch.Size([32]) from checkpoint, the shape in current model is torch.Size([16]).
	size mismatch for encoder_cond.layer1.conv1.weight: copying a param with shape torch.Size([64, 32, 3, 3, 3]) from checkpoint, the shape in current model is torch.Size([32, 16, 3, 3, 3]).
	size mismatch for encoder_cond.layer1.gn1.weight: copying a param with shape torch.Size([64]) from checkpoint, the shape in current model is torch.Size([32]).
	size mismatch for encoder_cond.layer1.gn1.bias: copying a param with shape torch.Size([64]) from checkpoint, the shape in current model is torch.Size([32]).
	size mismatch for encoder_cond.layer1.conv2.weight: copying a param with shape torch.Size([64, 64, 3, 3, 3]) from checkpoint, the shape in current model is torch.Size([32, 32, 3, 3, 3]).
	size mismatch for encoder_cond.layer1.gn2.weight: copying a param with shape torch.Size([64]) from checkpoint, the shape in current model is torch.Size([32]).
	size mismatch for encoder_cond.layer1.gn2.bias: copying a param with shape torch.Size([64]) from checkpoint, the shape in current model is torch.Size([32]).
	size mismatch for encoder_cond.layer1.downsample.0.weight: copying a param with shape torch.Size([64, 32, 1, 1, 1]) from checkpoint, the shape in current model is torch.Size([32, 16, 1, 1, 1]).
	size mismatch for encoder_cond.layer1.downsample.1.weight: copying a param with shape torch.Size([64]) from checkpoint, the shape in current model is torch.Size([32]).
	size mismatch for encoder_cond.layer1.downsample.1.bias: copying a param with shape torch.Size([64]) from checkpoint, the shape in current model is torch.Size([32]).
	size mismatch for encoder_cond.layer2.conv1.weight: copying a param with shape torch.Size([128, 64, 3, 3, 3]) from checkpoint, the shape in current model is torch.Size([64, 32, 3, 3, 3]).
	size mismatch for encoder_cond.layer2.gn1.weight: copying a param with shape torch.Size([128]) from checkpoint, the shape in current model is torch.Size([64]).
	size mismatch for encoder_cond.layer2.gn1.bias: copying a param with shape torch.Size([128]) from checkpoint, the shape in current model is torch.Size([64]).
	size mismatch for encoder_cond.layer2.conv2.weight: copying a param with shape torch.Size([128, 128, 3, 3, 3]) from checkpoint, the shape in current model is torch.Size([64, 64, 3, 3, 3]).
	size mismatch for encoder_cond.layer2.gn2.weight: copying a param with shape torch.Size([128]) from checkpoint, the shape in current model is torch.Size([64]).
	size mismatch for encoder_cond.layer2.gn2.bias: copying a param with shape torch.Size([128]) from checkpoint, the shape in current model is torch.Size([64]).
	size mismatch for encoder_cond.layer2.downsample.0.weight: copying a param with shape torch.Size([128, 64, 1, 1, 1]) from checkpoint, the shape in current model is torch.Size([64, 32, 1, 1, 1]).
	size mismatch for encoder_cond.layer2.downsample.1.weight: copying a param with shape torch.Size([128]) from checkpoint, the shape in current model is torch.Size([64]).
	size mismatch for encoder_cond.layer2.downsample.1.bias: copying a param with shape torch.Size([128]) from checkpoint, the shape in current model is torch.Size([64]).
	size mismatch for encoder_cond.layer3.conv1.weight: copying a param with shape torch.Size([256, 128, 3, 3, 3]) from checkpoint, the shape in current model is torch.Size([128, 64, 3, 3, 3]).
	size mismatch for encoder_cond.layer3.gn1.weight: copying a param with shape torch.Size([256]) from checkpoint, the shape in current model is torch.Size([128]).
	size mismatch for encoder_cond.layer3.gn1.bias: copying a param with shape torch.Size([256]) from checkpoint, the shape in current model is torch.Size([128]).
	size mismatch for encoder_cond.layer3.conv2.weight: copying a param with shape torch.Size([256, 256, 3, 3, 3]) from checkpoint, the shape in current model is torch.Size([128, 128, 3, 3, 3]).
	size mismatch for encoder_cond.layer3.gn2.weight: copying a param with shape torch.Size([256]) from checkpoint, the shape in current model is torch.Size([128]).
	size mismatch for encoder_cond.layer3.gn2.bias: copying a param with shape torch.Size([256]) from checkpoint, the shape in current model is torch.Size([128]).
	size mismatch for encoder_cond.layer3.downsample.0.weight: copying a param with shape torch.Size([256, 128, 1, 1, 1]) from checkpoint, the shape in current model is torch.Size([128, 64, 1, 1, 1]).
	size mismatch for encoder_cond.layer3.downsample.1.weight: copying a param with shape torch.Size([256]) from checkpoint, the shape in current model is torch.Size([128]).
	size mismatch for encoder_cond.layer3.downsample.1.bias: copying a param with shape torch.Size([256]) from checkpoint, the shape in current model is torch.Size([128]).
	size mismatch for decoder.up1.1.weight: copying a param with shape torch.Size([256, 512, 3, 3, 3]) from checkpoint, the shape in current model is torch.Size([128, 256, 3, 3, 3]).
	size mismatch for decoder.up1.2.weight: copying a param with shape torch.Size([256]) from checkpoint, the shape in current model is torch.Size([128]).
	size mismatch for decoder.up1.2.bias: copying a param with shape torch.Size([256]) from checkpoint, the shape in current model is torch.Size([128]).
	size mismatch for decoder.up2.1.weight: copying a param with shape torch.Size([128, 512, 3, 3, 3]) from checkpoint, the shape in current model is torch.Size([64, 256, 3, 3, 3]).
	size mismatch for decoder.up2.2.weight: copying a param with shape torch.Size([128]) from checkpoint, the shape in current model is torch.Size([64]).
	size mismatch for decoder.up2.2.bias: copying a param with shape torch.Size([128]) from checkpoint, the shape in current model is torch.Size([64]).
	size mismatch for decoder.up3.1.weight: copying a param with shape torch.Size([64, 256, 3, 3, 3]) from checkpoint, the shape in current model is torch.Size([32, 128, 3, 3, 3]).
	size mismatch for decoder.up3.2.weight: copying a param with shape torch.Size([64]) from checkpoint, the shape in current model is torch.Size([32]).
	size mismatch for decoder.up3.2.bias: copying a param with shape torch.Size([64]) from checkpoint, the shape in current model is torch.Size([32]).
	size mismatch for decoder.up4.0.weight: copying a param with shape torch.Size([32, 128, 3, 3, 3]) from checkpoint, the shape in current model is torch.Size([16, 64, 3, 3, 3]).
	size mismatch for decoder.up4.1.weight: copying a param with shape torch.Size([32]) from checkpoint, the shape in current model is torch.Size([16]).
	size mismatch for decoder.up4.1.bias: copying a param with shape torch.Size([32]) from checkpoint, the shape in current model is torch.Size([16]).
	size mismatch for decoder.final.weight: copying a param with shape torch.Size([3, 32, 1, 1, 1]) from checkpoint, the shape in current model is torch.Size([3, 16, 1, 1, 1]).
